running egg_info
creating ../../build/mars_rover_nav/mars_rover_nav.egg-info
writing ../../build/mars_rover_nav/mars_rover_nav.egg-info/PKG-INFO
writing dependency_links to ../../build/mars_rover_nav/mars_rover_nav.egg-info/dependency_links.txt
writing entry points to ../../build/mars_rover_nav/mars_rover_nav.egg-info/entry_points.txt
writing requirements to ../../build/mars_rover_nav/mars_rover_nav.egg-info/requires.txt
writing top-level names to ../../build/mars_rover_nav/mars_rover_nav.egg-info/top_level.txt
writing manifest file '../../build/mars_rover_nav/mars_rover_nav.egg-info/SOURCES.txt'
reading manifest file '../../build/mars_rover_nav/mars_rover_nav.egg-info/SOURCES.txt'
writing manifest file '../../build/mars_rover_nav/mars_rover_nav.egg-info/SOURCES.txt'
running build
running build_py
creating /home/gianluca/spaceros_tutorial/spaceros-bt-packages/ros2_ws/build/mars_rover_nav/build
creating /home/gianluca/spaceros_tutorial/spaceros-bt-packages/ros2_ws/build/mars_rover_nav/build/lib
creating /home/gianluca/spaceros_tutorial/spaceros-bt-packages/ros2_ws/build/mars_rover_nav/build/lib/mars_rover_nav
copying mars_rover_nav/mock_navigation_server.py -> /home/gianluca/spaceros_tutorial/spaceros-bt-packages/ros2_ws/build/mars_rover_nav/build/lib/mars_rover_nav
copying mars_rover_nav/__init__.py -> /home/gianluca/spaceros_tutorial/spaceros-bt-packages/ros2_ws/build/mars_rover_nav/build/lib/mars_rover_nav
copying mars_rover_nav/mars_rover_navigation_server.py -> /home/gianluca/spaceros_tutorial/spaceros-bt-packages/ros2_ws/build/mars_rover_nav/build/lib/mars_rover_nav
running install
running install_lib
creating /home/gianluca/spaceros_tutorial/spaceros-bt-packages/ros2_ws/install/mars_rover_nav/lib/python3.10/site-packages/mars_rover_nav
copying /home/gianluca/spaceros_tutorial/spaceros-bt-packages/ros2_ws/build/mars_rover_nav/build/lib/mars_rover_nav/mock_navigation_server.py -> /home/gianluca/spaceros_tutorial/spaceros-bt-packages/ros2_ws/install/mars_rover_nav/lib/python3.10/site-packages/mars_rover_nav
copying /home/gianluca/spaceros_tutorial/spaceros-bt-packages/ros2_ws/build/mars_rover_nav/build/lib/mars_rover_nav/__init__.py -> /home/gianluca/spaceros_tutorial/spaceros-bt-packages/ros2_ws/install/mars_rover_nav/lib/python3.10/site-packages/mars_rover_nav
copying /home/gianluca/spaceros_tutorial/spaceros-bt-packages/ros2_ws/build/mars_rover_nav/build/lib/mars_rover_nav/mars_rover_navigation_server.py -> /home/gianluca/spaceros_tutorial/spaceros-bt-packages/ros2_ws/install/mars_rover_nav/lib/python3.10/site-packages/mars_rover_nav
byte-compiling /home/gianluca/spaceros_tutorial/spaceros-bt-packages/ros2_ws/install/mars_rover_nav/lib/python3.10/site-packages/mars_rover_nav/mock_navigation_server.py to mock_navigation_server.cpython-310.pyc
byte-compiling /home/gianluca/spaceros_tutorial/spaceros-bt-packages/ros2_ws/install/mars_rover_nav/lib/python3.10/site-packages/mars_rover_nav/__init__.py to __init__.cpython-310.pyc
byte-compiling /home/gianluca/spaceros_tutorial/spaceros-bt-packages/ros2_ws/install/mars_rover_nav/lib/python3.10/site-packages/mars_rover_nav/mars_rover_navigation_server.py to mars_rover_navigation_server.cpython-310.pyc
running install_data
creating /home/gianluca/spaceros_tutorial/spaceros-bt-packages/ros2_ws/install/mars_rover_nav/share/ament_index
creating /home/gianluca/spaceros_tutorial/spaceros-bt-packages/ros2_ws/install/mars_rover_nav/share/ament_index/resource_index
creating /home/gianluca/spaceros_tutorial/spaceros-bt-packages/ros2_ws/install/mars_rover_nav/share/ament_index/resource_index/packages
copying resource/mars_rover_nav -> /home/gianluca/spaceros_tutorial/spaceros-bt-packages/ros2_ws/install/mars_rover_nav/share/ament_index/resource_index/packages
copying package.xml -> /home/gianluca/spaceros_tutorial/spaceros-bt-packages/ros2_ws/install/mars_rover_nav/share/mars_rover_nav
running install_egg_info
Copying ../../build/mars_rover_nav/mars_rover_nav.egg-info to /home/gianluca/spaceros_tutorial/spaceros-bt-packages/ros2_ws/install/mars_rover_nav/lib/python3.10/site-packages/mars_rover_nav-0.0.0-py3.10.egg-info
running install_scripts
Installing mars_rover_nav script to /home/gianluca/spaceros_tutorial/spaceros-bt-packages/ros2_ws/install/mars_rover_nav/lib/mars_rover_nav
Installing mock_nav script to /home/gianluca/spaceros_tutorial/spaceros-bt-packages/ros2_ws/install/mars_rover_nav/lib/mars_rover_nav
writing list of installed files to '/home/gianluca/spaceros_tutorial/spaceros-bt-packages/ros2_ws/build/mars_rover_nav/install.log'
