/home/gianluca/spaceros_tutorial/spaceros-bt-packages/ros2_ws/install/py_trees_bt_runner/lib/python3.10/site-packages/py_trees_bt_runner/bt_runner_node_dynamic.py
/home/gianluca/spaceros_tutorial/spaceros-bt-packages/ros2_ws/install/py_trees_bt_runner/lib/python3.10/site-packages/py_trees_bt_runner/__init__.py
/home/gianluca/spaceros_tutorial/spaceros-bt-packages/ros2_ws/install/py_trees_bt_runner/lib/python3.10/site-packages/py_trees_bt_runner/bt_runner_node.py
/home/gianluca/spaceros_tutorial/spaceros-bt-packages/ros2_ws/install/py_trees_bt_runner/lib/python3.10/site-packages/py_trees_bt_runner/behaviours/mars_rover_behaviours.py
/home/gianluca/spaceros_tutorial/spaceros-bt-packages/ros2_ws/install/py_trees_bt_runner/lib/python3.10/site-packages/py_trees_bt_runner/behaviours/__init__.py
/home/gianluca/spaceros_tutorial/spaceros-bt-packages/ros2_ws/install/py_trees_bt_runner/lib/python3.10/site-packages/py_trees_bt_runner/utils/__init__.py
/home/gianluca/spaceros_tutorial/spaceros-bt-packages/ros2_ws/install/py_trees_bt_runner/lib/python3.10/site-packages/py_trees_bt_runner/utils/xml_bt_parser.py
/home/gianluca/spaceros_tutorial/spaceros-bt-packages/ros2_ws/install/py_trees_bt_runner/lib/python3.10/site-packages/py_trees_bt_runner/utils/node_factory.py
/home/gianluca/spaceros_tutorial/spaceros-bt-packages/ros2_ws/install/py_trees_bt_runner/lib/python3.10/site-packages/py_trees_bt_runner/__pycache__/bt_runner_node_dynamic.cpython-310.pyc
/home/gianluca/spaceros_tutorial/spaceros-bt-packages/ros2_ws/install/py_trees_bt_runner/lib/python3.10/site-packages/py_trees_bt_runner/__pycache__/__init__.cpython-310.pyc
/home/gianluca/spaceros_tutorial/spaceros-bt-packages/ros2_ws/install/py_trees_bt_runner/lib/python3.10/site-packages/py_trees_bt_runner/__pycache__/bt_runner_node.cpython-310.pyc
/home/gianluca/spaceros_tutorial/spaceros-bt-packages/ros2_ws/install/py_trees_bt_runner/lib/python3.10/site-packages/py_trees_bt_runner/behaviours/__pycache__/mars_rover_behaviours.cpython-310.pyc
/home/gianluca/spaceros_tutorial/spaceros-bt-packages/ros2_ws/install/py_trees_bt_runner/lib/python3.10/site-packages/py_trees_bt_runner/behaviours/__pycache__/__init__.cpython-310.pyc
/home/gianluca/spaceros_tutorial/spaceros-bt-packages/ros2_ws/install/py_trees_bt_runner/lib/python3.10/site-packages/py_trees_bt_runner/utils/__pycache__/__init__.cpython-310.pyc
/home/gianluca/spaceros_tutorial/spaceros-bt-packages/ros2_ws/install/py_trees_bt_runner/lib/python3.10/site-packages/py_trees_bt_runner/utils/__pycache__/xml_bt_parser.cpython-310.pyc
/home/gianluca/spaceros_tutorial/spaceros-bt-packages/ros2_ws/install/py_trees_bt_runner/lib/python3.10/site-packages/py_trees_bt_runner/utils/__pycache__/node_factory.cpython-310.pyc
/home/gianluca/spaceros_tutorial/spaceros-bt-packages/ros2_ws/install/py_trees_bt_runner/share/ament_index/resource_index/packages/py_trees_bt_runner
/home/gianluca/spaceros_tutorial/spaceros-bt-packages/ros2_ws/install/py_trees_bt_runner/share/py_trees_bt_runner/package.xml
/home/gianluca/spaceros_tutorial/spaceros-bt-packages/ros2_ws/install/py_trees_bt_runner/lib/python3.10/site-packages/py_trees_bt_runner-0.0.0-py3.10.egg-info/SOURCES.txt
/home/gianluca/spaceros_tutorial/spaceros-bt-packages/ros2_ws/install/py_trees_bt_runner/lib/python3.10/site-packages/py_trees_bt_runner-0.0.0-py3.10.egg-info/requires.txt
/home/gianluca/spaceros_tutorial/spaceros-bt-packages/ros2_ws/install/py_trees_bt_runner/lib/python3.10/site-packages/py_trees_bt_runner-0.0.0-py3.10.egg-info/entry_points.txt
/home/gianluca/spaceros_tutorial/spaceros-bt-packages/ros2_ws/install/py_trees_bt_runner/lib/python3.10/site-packages/py_trees_bt_runner-0.0.0-py3.10.egg-info/PKG-INFO
/home/gianluca/spaceros_tutorial/spaceros-bt-packages/ros2_ws/install/py_trees_bt_runner/lib/python3.10/site-packages/py_trees_bt_runner-0.0.0-py3.10.egg-info/top_level.txt
/home/gianluca/spaceros_tutorial/spaceros-bt-packages/ros2_ws/install/py_trees_bt_runner/lib/python3.10/site-packages/py_trees_bt_runner-0.0.0-py3.10.egg-info/zip-safe
/home/gianluca/spaceros_tutorial/spaceros-bt-packages/ros2_ws/install/py_trees_bt_runner/lib/python3.10/site-packages/py_trees_bt_runner-0.0.0-py3.10.egg-info/dependency_links.txt
/home/gianluca/spaceros_tutorial/spaceros-bt-packages/ros2_ws/install/py_trees_bt_runner/lib/py_trees_bt_runner/bt_runner
/home/gianluca/spaceros_tutorial/spaceros-bt-packages/ros2_ws/install/py_trees_bt_runner/lib/py_trees_bt_runner/bt_runner_dynamic
